
R version 4.2.1 (2022-06-23 ucrt) -- "Funny-Looking Kid"
Copyright (C) 2022 The R Foundation for Statistical Computing
Platform: x86_64-w64-mingw32/x64 (64-bit)

R is free software and comes with ABSOLUTELY NO WARRANTY.
You are welcome to redistribute it under certain conditions.
Type 'license()' or 'licence()' for distribution details.

R is a collaborative project with many contributors.
Type 'contributors()' for more information and
'citation()' on how to cite R or R packages in publications.

Type 'demo()' for some demos, 'help()' for on-line help, or
'help.start()' for an HTML browser interface to help.
Type 'q()' to quit R.

[Previously saved workspace restored]

> A = c(1,2,3,4,5)
> B = c(2.1,4.1,6.2,8.1,10.2)
> linreg<-function(A,B) {
+ x=0
+ y=0
+ n=length(A)
+ x_szamlalo=0
+ x_nevezo=0
+ y_szamlalo=0
+ y_nevezo=0
+ for(i in 1:length(A)){
+ x_szamlalo = x_szamlalo + (A[i] + B[i] - A[i] * B[i])
+ x_nevezo = x_nevezo + (A[i]^2)
+ y_szamlalo = y_szamlalo + (A[i]^2 * B[i] - A[i] * A[i] * B[i])
+ y_nevezo = y_nevezo + A[i]^2
+ }
+ x_szamlalo = x_szamlalo * n
+ x_nevezo = x_nevezo - sum(A)^2
+ y_nevezo = y_nevezo + sum(A) * n
+ x = x_szamlalo / x_nevezo
+ y = y_szamlalo / y_nevezo
+ print(A)
+ print(B)
+ print(x)
+ print(y)
+ plot(A,B)
+ abline(a = y, b = x)
+ }
> linreg(A,B)
[1] 1 2 3 4 5
[1]  2.1  4.1  6.2  8.1 10.2
[1] 1.958824
[1] 0
> e^2
Error: object 'e' not found
> exp(x)
  [1] 1.132879 1.016755 1.348444 1.300384 1.085194 1.103773 1.245686 1.116859
  [9] 1.272068 1.220718 1.630960 1.345599 1.372230 1.838080 1.170983 1.249385
 [17] 1.496692 1.076097 1.150298 1.015005 1.339466 2.024603 1.072366 1.303235
 [25] 1.794093 1.455635 1.025720 1.140328 1.147927 1.301788 1.155692 1.111896
 [33] 1.067023 1.055464 1.207398 1.748876 1.070106 1.485871 1.008582 1.801520
 [41] 1.161173 1.164581 1.406544 1.116656 1.142511 1.079310 1.025848 1.748469
 [49] 1.421000 1.037398 1.028300 1.160662 1.319682 1.374910 1.169691 1.437864
 [57] 1.319738 1.204759 1.329911 1.247992 1.486401 1.478663 1.263176 2.991926
 [65] 1.541002 1.354443 1.008186 1.105702 1.640216 1.898360 1.079706 1.867927
 [73] 1.233750 1.540054 1.498248 1.096197 1.017911 1.076384 1.313684 2.045799
 [81] 1.324717 1.426610 1.426659 2.452761 1.004808 1.985114 1.112666 1.157876
 [89] 1.046092 1.007910 1.299385 1.754291 1.354231 1.062039 1.081704 1.527045
 [97] 1.138781 1.079057 1.024979 1.022807
> e = exp(x)
> e
  [1] 1.132879 1.016755 1.348444 1.300384 1.085194 1.103773 1.245686 1.116859
  [9] 1.272068 1.220718 1.630960 1.345599 1.372230 1.838080 1.170983 1.249385
 [17] 1.496692 1.076097 1.150298 1.015005 1.339466 2.024603 1.072366 1.303235
 [25] 1.794093 1.455635 1.025720 1.140328 1.147927 1.301788 1.155692 1.111896
 [33] 1.067023 1.055464 1.207398 1.748876 1.070106 1.485871 1.008582 1.801520
 [41] 1.161173 1.164581 1.406544 1.116656 1.142511 1.079310 1.025848 1.748469
 [49] 1.421000 1.037398 1.028300 1.160662 1.319682 1.374910 1.169691 1.437864
 [57] 1.319738 1.204759 1.329911 1.247992 1.486401 1.478663 1.263176 2.991926
 [65] 1.541002 1.354443 1.008186 1.105702 1.640216 1.898360 1.079706 1.867927
 [73] 1.233750 1.540054 1.498248 1.096197 1.017911 1.076384 1.313684 2.045799
 [81] 1.324717 1.426610 1.426659 2.452761 1.004808 1.985114 1.112666 1.157876
 [89] 1.046092 1.007910 1.299385 1.754291 1.354231 1.062039 1.081704 1.527045
 [97] 1.138781 1.079057 1.024979 1.022807
> X=c(1,2,3,4,5)
> Y=c(0,0,0,0,0)
> plot(x,y)
Error in xy.coords(x, y, xlabel, ylabel, log) : 
  'x' and 'y' lengths differ
> plot(X,Y)
> for(i in length(X)){
+ Y[i] = Y[i] + 5 * exp(X[i])
+ }
> Y
[1]   0.0000   0.0000   0.0000   0.0000 742.0658
> plot(X,Y)
> expreg<-function(X,Y){
+ a = 5
+  
